// Vitest Snapshot v1, https://vitest.dev/guide/snapshot.html

exports[`shiki > twoslash svelte 1`] = `
"///<reference types="svelte" />
;
  export const FOO = 'BAR'
;;

import { onMount } from 'svelte'
function render() {

  

  let count = 0

  onMount(() => {
    console.log('mounted')
  })
;
async () => {



 { svelteHTML.createElement("button", {  "on:click":() => count++,});
    count;
 }
};
return { props: /** @type {Record<string, never>} */ ({}), slots: {}, events: {} }}

export default class extends __sveltets_2_createSvelte2TsxComponent(__sveltets_2_partial(__sveltets_2_with_any_event(render()))) {
}"
`;
