// Vitest Snapshot v1

exports[`svelte built-in commands > commands 1`] = `
"<script>
  const items = ['foo', 'bar', 'zoo']
  const boolValue = false
</script>
<ul>
{#each items as item, i}
{@const str = \`\${i + 1}:\${item}\`}
<li>
{item}
</li>
{/each}
</ul>
{#if boolValue}
  <h3>
    True
  </h3>
{:else if items}
  <h3>
    items
  </h3>
{:else}
  <h3>
    False
  </h3>
{/if}
{#await Promise.resolve(1)}
  <h3>
    Loading
  </h3>
{:then val}
  <h3>
    {val}
  </h3>
{:catch}
  <h3>
    Error
  </h3>
{/await}
{@debug items}
{@html \\"<div class=\\"foo\\">Foo</div>\\"}"
`;
